<?xml version="1.0" encoding="ISO-8859-1" ?>
<link_info>
   <banner>TI ARM Linker PC v20.2.7.LTS</banner>
   <copyright>Copyright (c) 1996-2018 Texas Instruments Incorporated</copyright>
   <link_time>0x6529acea</link_time>
   <link_errors>0x0</link_errors>
   <output_file>gpiointerrupt_CC3220S_LAUNCHXL_nortos_ccs.out</output_file>
   <entry_point>
      <name>resetISR</name>
      <address>0x20011d3d</address>
   </entry_point>
   <input_file_list>
      <input_file id="fl-2">
         <path>.\</path>
         <kind>object</kind>
         <file>gpiointerrupt.obj</file>
         <name>gpiointerrupt.obj</name>
      </input_file>
      <input_file id="fl-3">
         <path>.\syscfg\</path>
         <kind>object</kind>
         <file>ti_drivers_config.obj</file>
         <name>ti_drivers_config.obj</name>
      </input_file>
      <input_file id="fl-4">
         <path>.\</path>
         <kind>object</kind>
         <file>main_nortos.obj</file>
         <name>main_nortos.obj</name>
      </input_file>
      <input_file id="fl-d">
         <kind>object</kind>
         <file>&lt;internal&gt;</file>
         <name>&lt;internal&gt;</name>
      </input_file>
      <input_file id="fl-e">
         <path>C:\ti\simplelink_cc32xx_sdk_6_10_00_05\source\ti\drivers\lib\ccs\m4\</path>
         <kind>archive</kind>
         <file>drivers_cc32xx.a</file>
         <name>GPIO.oem4</name>
      </input_file>
      <input_file id="fl-f">
         <path>C:\ti\simplelink_cc32xx_sdk_6_10_00_05\source\ti\drivers\lib\ccs\m4\</path>
         <kind>archive</kind>
         <file>drivers_cc32xx.a</file>
         <name>I2C.oem4</name>
      </input_file>
      <input_file id="fl-10">
         <path>C:\ti\simplelink_cc32xx_sdk_6_10_00_05\source\ti\drivers\lib\ccs\m4\</path>
         <kind>archive</kind>
         <file>drivers_cc32xx.a</file>
         <name>Timer.oem4</name>
      </input_file>
      <input_file id="fl-11">
         <path>C:\ti\simplelink_cc32xx_sdk_6_10_00_05\source\ti\drivers\lib\ccs\m4\</path>
         <kind>archive</kind>
         <file>drivers_cc32xx.a</file>
         <name>UART.oem4</name>
      </input_file>
      <input_file id="fl-12">
         <path>C:\ti\simplelink_cc32xx_sdk_6_10_00_05\source\ti\drivers\lib\ccs\m4\</path>
         <kind>archive</kind>
         <file>drivers_cc32xx.a</file>
         <name>GPIOCC32XX.oem4</name>
      </input_file>
      <input_file id="fl-13">
         <path>C:\ti\simplelink_cc32xx_sdk_6_10_00_05\source\ti\drivers\lib\ccs\m4\</path>
         <kind>archive</kind>
         <file>drivers_cc32xx.a</file>
         <name>I2CCC32XX.oem4</name>
      </input_file>
      <input_file id="fl-14">
         <path>C:\ti\simplelink_cc32xx_sdk_6_10_00_05\source\ti\drivers\lib\ccs\m4\</path>
         <kind>archive</kind>
         <file>drivers_cc32xx.a</file>
         <name>PowerCC32XX.oem4</name>
      </input_file>
      <input_file id="fl-15">
         <path>C:\ti\simplelink_cc32xx_sdk_6_10_00_05\source\ti\drivers\lib\ccs\m4\</path>
         <kind>archive</kind>
         <file>drivers_cc32xx.a</file>
         <name>PowerCC32XX_asm.oem4</name>
      </input_file>
      <input_file id="fl-16">
         <path>C:\ti\simplelink_cc32xx_sdk_6_10_00_05\source\ti\drivers\lib\ccs\m4\</path>
         <kind>archive</kind>
         <file>drivers_cc32xx.a</file>
         <name>TimerCC32XX.oem4</name>
      </input_file>
      <input_file id="fl-17">
         <path>C:\ti\simplelink_cc32xx_sdk_6_10_00_05\source\ti\drivers\lib\ccs\m4\</path>
         <kind>archive</kind>
         <file>drivers_cc32xx.a</file>
         <name>UARTCC32XX.oem4</name>
      </input_file>
      <input_file id="fl-18">
         <path>C:\ti\simplelink_cc32xx_sdk_6_10_00_05\source\ti\drivers\lib\ccs\m4\</path>
         <kind>archive</kind>
         <file>drivers_cc32xx.a</file>
         <name>List.oem4</name>
      </input_file>
      <input_file id="fl-19">
         <path>C:\ti\simplelink_cc32xx_sdk_6_10_00_05\source\ti\drivers\lib\ccs\m4\</path>
         <kind>archive</kind>
         <file>drivers_cc32xx.a</file>
         <name>RingBuf.oem4</name>
      </input_file>
      <input_file id="fl-1a">
         <path>C:\ti\simplelink_cc32xx_sdk_6_10_00_05\kernel\nortos\lib\ccs\m4\</path>
         <kind>archive</kind>
         <file>nortos_cc32xx.a</file>
         <name>NoRTOS.oem4</name>
      </input_file>
      <input_file id="fl-1b">
         <path>C:\ti\simplelink_cc32xx_sdk_6_10_00_05\kernel\nortos\lib\ccs\m4\</path>
         <kind>archive</kind>
         <file>nortos_cc32xx.a</file>
         <name>SemaphoreP_nortos.oem4</name>
      </input_file>
      <input_file id="fl-1c">
         <path>C:\ti\simplelink_cc32xx_sdk_6_10_00_05\kernel\nortos\lib\ccs\m4\</path>
         <kind>archive</kind>
         <file>nortos_cc32xx.a</file>
         <name>ClockPSysTick_nortos.oem4</name>
      </input_file>
      <input_file id="fl-1d">
         <path>C:\ti\simplelink_cc32xx_sdk_6_10_00_05\kernel\nortos\lib\ccs\m4\</path>
         <kind>archive</kind>
         <file>nortos_cc32xx.a</file>
         <name>HwiPCC32XX_nortos.oem4</name>
      </input_file>
      <input_file id="fl-1e">
         <path>C:\ti\simplelink_cc32xx_sdk_6_10_00_05\kernel\nortos\lib\ccs\m4\</path>
         <kind>archive</kind>
         <file>nortos_cc32xx.a</file>
         <name>PowerCC32XX_nortos.oem4</name>
      </input_file>
      <input_file id="fl-1f">
         <path>C:\ti\simplelink_cc32xx_sdk_6_10_00_05\kernel\nortos\lib\ccs\m4\</path>
         <kind>archive</kind>
         <file>nortos_cc32xx.a</file>
         <name>startup_cc32xx_ccs.oem4</name>
      </input_file>
      <input_file id="fl-20">
         <path>C:\ti\simplelink_cc32xx_sdk_6_10_00_05\kernel\nortos\lib\ccs\m4\</path>
         <kind>archive</kind>
         <file>nortos_cc32xx.a</file>
         <name>SwiP_nortos.oem4</name>
      </input_file>
      <input_file id="fl-21">
         <path>C:\ti\simplelink_cc32xx_sdk_6_10_00_05\kernel\nortos\lib\ccs\m4\</path>
         <kind>archive</kind>
         <file>nortos_cc32xx.a</file>
         <name>QueueP_nortos.oem4</name>
      </input_file>
      <input_file id="fl-22">
         <path>C:\ti\simplelink_cc32xx_sdk_6_10_00_05\source\ti\devices\cc32xx\driverlib\ccs\Release\</path>
         <kind>archive</kind>
         <file>driverlib.a</file>
         <name>cpu.obj</name>
      </input_file>
      <input_file id="fl-23">
         <path>C:\ti\simplelink_cc32xx_sdk_6_10_00_05\source\ti\devices\cc32xx\driverlib\ccs\Release\</path>
         <kind>archive</kind>
         <file>driverlib.a</file>
         <name>i2c.obj</name>
      </input_file>
      <input_file id="fl-24">
         <path>C:\ti\simplelink_cc32xx_sdk_6_10_00_05\source\ti\devices\cc32xx\driverlib\ccs\Release\</path>
         <kind>archive</kind>
         <file>driverlib.a</file>
         <name>interrupt.obj</name>
      </input_file>
      <input_file id="fl-25">
         <path>C:\ti\simplelink_cc32xx_sdk_6_10_00_05\source\ti\devices\cc32xx\driverlib\ccs\Release\</path>
         <kind>archive</kind>
         <file>driverlib.a</file>
         <name>pin.obj</name>
      </input_file>
      <input_file id="fl-26">
         <path>C:\ti\simplelink_cc32xx_sdk_6_10_00_05\source\ti\devices\cc32xx\driverlib\ccs\Release\</path>
         <kind>archive</kind>
         <file>driverlib.a</file>
         <name>prcm.obj</name>
      </input_file>
      <input_file id="fl-27">
         <path>C:\ti\simplelink_cc32xx_sdk_6_10_00_05\source\ti\devices\cc32xx\driverlib\ccs\Release\</path>
         <kind>archive</kind>
         <file>driverlib.a</file>
         <name>timer.obj</name>
      </input_file>
      <input_file id="fl-28">
         <path>C:\ti\simplelink_cc32xx_sdk_6_10_00_05\source\ti\devices\cc32xx\driverlib\ccs\Release\</path>
         <kind>archive</kind>
         <file>driverlib.a</file>
         <name>uart.obj</name>
      </input_file>
      <input_file id="fl-29">
         <path>C:\ti\simplelink_cc32xx_sdk_6_10_00_05\source\ti\devices\cc32xx\driverlib\ccs\Release\</path>
         <kind>archive</kind>
         <file>driverlib.a</file>
         <name>utils.obj</name>
      </input_file>
      <input_file id="fl-2a">
         <path>C:\ti\simplelink_cc32xx_sdk_6_10_00_05\source\ti\devices\cc32xx\driverlib\ccs\Release\</path>
         <kind>archive</kind>
         <file>driverlib.a</file>
         <name>flash.obj</name>
      </input_file>
      <input_file id="fl-e0">
         <path>C:\ti\ccs1240\ccs\tools\compiler\ti-cgt-arm_20.2.7.LTS\lib\</path>
         <kind>archive</kind>
         <file>rtsv7M4_T_le_eabi.lib</file>
         <name>snprintf.c.obj</name>
      </input_file>
      <input_file id="fl-e1">
         <path>C:\ti\ccs1240\ccs\tools\compiler\ti-cgt-arm_20.2.7.LTS\lib\</path>
         <kind>archive</kind>
         <file>rtsv7M4_T_le_eabi.lib</file>
         <name>fs_mul_t2.asm.obj</name>
      </input_file>
      <input_file id="fl-e2">
         <path>C:\ti\ccs1240\ccs\tools\compiler\ti-cgt-arm_20.2.7.LTS\lib\</path>
         <kind>archive</kind>
         <file>rtsv7M4_T_le_eabi.lib</file>
         <name>fs_toi_t2.asm.obj</name>
      </input_file>
      <input_file id="fl-e3">
         <path>C:\ti\ccs1240\ccs\tools\compiler\ti-cgt-arm_20.2.7.LTS\lib\</path>
         <kind>archive</kind>
         <file>rtsv7M4_T_le_eabi.lib</file>
         <name>i_tofs_t2.asm.obj</name>
      </input_file>
      <input_file id="fl-e4">
         <path>C:\ti\ccs1240\ccs\tools\compiler\ti-cgt-arm_20.2.7.LTS\lib\</path>
         <kind>archive</kind>
         <file>rtsv7M4_T_le_eabi.lib</file>
         <name>ll_mul_t2.asm.obj</name>
      </input_file>
      <input_file id="fl-e5">
         <path>C:\ti\ccs1240\ccs\tools\compiler\ti-cgt-arm_20.2.7.LTS\lib\</path>
         <kind>archive</kind>
         <file>rtsv7M4_T_le_eabi.lib</file>
         <name>memcpy_t2.asm.obj</name>
      </input_file>
      <input_file id="fl-e6">
         <path>C:\ti\ccs1240\ccs\tools\compiler\ti-cgt-arm_20.2.7.LTS\lib\</path>
         <kind>archive</kind>
         <file>rtsv7M4_T_le_eabi.lib</file>
         <name>ull_div_t2.asm.obj</name>
      </input_file>
      <input_file id="fl-e7">
         <path>C:\ti\ccs1240\ccs\tools\compiler\ti-cgt-arm_20.2.7.LTS\lib\</path>
         <kind>archive</kind>
         <file>rtsv7M4_T_le_eabi.lib</file>
         <name>copy_zero_init.c.obj</name>
      </input_file>
      <input_file id="fl-e8">
         <path>C:\ti\ccs1240\ccs\tools\compiler\ti-cgt-arm_20.2.7.LTS\lib\</path>
         <kind>archive</kind>
         <file>rtsv7M4_T_le_eabi.lib</file>
         <name>copy_decompress_none.c.obj</name>
      </input_file>
      <input_file id="fl-e9">
         <path>C:\ti\ccs1240\ccs\tools\compiler\ti-cgt-arm_20.2.7.LTS\lib\</path>
         <kind>archive</kind>
         <file>rtsv7M4_T_le_eabi.lib</file>
         <name>copy_decompress_lzss.c.obj</name>
      </input_file>
      <input_file id="fl-ea">
         <path>C:\ti\ccs1240\ccs\tools\compiler\ti-cgt-arm_20.2.7.LTS\lib\</path>
         <kind>archive</kind>
         <file>rtsv7M4_T_le_eabi.lib</file>
         <name>memory.c.obj</name>
      </input_file>
      <input_file id="fl-eb">
         <path>C:\ti\ccs1240\ccs\tools\compiler\ti-cgt-arm_20.2.7.LTS\lib\</path>
         <kind>archive</kind>
         <file>rtsv7M4_T_le_eabi.lib</file>
         <name>boot_cortex_m.c.obj</name>
      </input_file>
      <input_file id="fl-ec">
         <path>C:\ti\ccs1240\ccs\tools\compiler\ti-cgt-arm_20.2.7.LTS\lib\</path>
         <kind>archive</kind>
         <file>rtsv7M4_T_le_eabi.lib</file>
         <name>_printfi.c.obj</name>
      </input_file>
      <input_file id="fl-ed">
         <path>C:\ti\ccs1240\ccs\tools\compiler\ti-cgt-arm_20.2.7.LTS\lib\</path>
         <kind>archive</kind>
         <file>rtsv7M4_T_le_eabi.lib</file>
         <name>div0.asm.obj</name>
      </input_file>
      <input_file id="fl-ee">
         <path>C:\ti\ccs1240\ccs\tools\compiler\ti-cgt-arm_20.2.7.LTS\lib\</path>
         <kind>archive</kind>
         <file>rtsv7M4_T_le_eabi.lib</file>
         <name>fd_add_t2.asm.obj</name>
      </input_file>
      <input_file id="fl-ef">
         <path>C:\ti\ccs1240\ccs\tools\compiler\ti-cgt-arm_20.2.7.LTS\lib\</path>
         <kind>archive</kind>
         <file>rtsv7M4_T_le_eabi.lib</file>
         <name>fd_cmp_t2.asm.obj</name>
      </input_file>
      <input_file id="fl-f0">
         <path>C:\ti\ccs1240\ccs\tools\compiler\ti-cgt-arm_20.2.7.LTS\lib\</path>
         <kind>archive</kind>
         <file>rtsv7M4_T_le_eabi.lib</file>
         <name>fd_div_t2.asm.obj</name>
      </input_file>
      <input_file id="fl-f1">
         <path>C:\ti\ccs1240\ccs\tools\compiler\ti-cgt-arm_20.2.7.LTS\lib\</path>
         <kind>archive</kind>
         <file>rtsv7M4_T_le_eabi.lib</file>
         <name>fd_mul_t2.asm.obj</name>
      </input_file>
      <input_file id="fl-f2">
         <path>C:\ti\ccs1240\ccs\tools\compiler\ti-cgt-arm_20.2.7.LTS\lib\</path>
         <kind>archive</kind>
         <file>rtsv7M4_T_le_eabi.lib</file>
         <name>fd_toi_t2.asm.obj</name>
      </input_file>
      <input_file id="fl-f3">
         <path>C:\ti\ccs1240\ccs\tools\compiler\ti-cgt-arm_20.2.7.LTS\lib\</path>
         <kind>archive</kind>
         <file>rtsv7M4_T_le_eabi.lib</file>
         <name>i_tofd_t2.asm.obj</name>
      </input_file>
      <input_file id="fl-f4">
         <path>C:\ti\ccs1240\ccs\tools\compiler\ti-cgt-arm_20.2.7.LTS\lib\</path>
         <kind>archive</kind>
         <file>rtsv7M4_T_le_eabi.lib</file>
         <name>memset_t2.asm.obj</name>
      </input_file>
      <input_file id="fl-f5">
         <path>C:\ti\ccs1240\ccs\tools\compiler\ti-cgt-arm_20.2.7.LTS\lib\</path>
         <kind>archive</kind>
         <file>rtsv7M4_T_le_eabi.lib</file>
         <name>autoinit.c.obj</name>
      </input_file>
      <input_file id="fl-f6">
         <path>C:\ti\ccs1240\ccs\tools\compiler\ti-cgt-arm_20.2.7.LTS\lib\</path>
         <kind>archive</kind>
         <file>rtsv7M4_T_le_eabi.lib</file>
         <name>pre_init.c.obj</name>
      </input_file>
      <input_file id="fl-f7">
         <path>C:\ti\ccs1240\ccs\tools\compiler\ti-cgt-arm_20.2.7.LTS\lib\</path>
         <kind>archive</kind>
         <file>rtsv7M4_T_le_eabi.lib</file>
         <name>cpy_tbl.c.obj</name>
      </input_file>
      <input_file id="fl-f8">
         <path>C:\ti\ccs1240\ccs\tools\compiler\ti-cgt-arm_20.2.7.LTS\lib\</path>
         <kind>archive</kind>
         <file>rtsv7M4_T_le_eabi.lib</file>
         <name>exit.c.obj</name>
      </input_file>
      <input_file id="fl-f9">
         <path>C:\ti\ccs1240\ccs\tools\compiler\ti-cgt-arm_20.2.7.LTS\lib\</path>
         <kind>archive</kind>
         <file>rtsv7M4_T_le_eabi.lib</file>
         <name>_lock.c.obj</name>
      </input_file>
      <input_file id="fl-fa">
         <path>C:\ti\ccs1240\ccs\tools\compiler\ti-cgt-arm_20.2.7.LTS\lib\</path>
         <kind>archive</kind>
         <file>rtsv7M4_T_le_eabi.lib</file>
         <name>_ltoa.c.obj</name>
      </input_file>
      <input_file id="fl-fb">
         <path>C:\ti\ccs1240\ccs\tools\compiler\ti-cgt-arm_20.2.7.LTS\lib\</path>
         <kind>archive</kind>
         <file>rtsv7M4_T_le_eabi.lib</file>
         <name>args_main.c.obj</name>
      </input_file>
      <input_file id="fl-fc">
         <path>C:\ti\ccs1240\ccs\tools\compiler\ti-cgt-arm_20.2.7.LTS\lib\</path>
         <kind>archive</kind>
         <file>rtsv7M4_T_le_eabi.lib</file>
         <name>atoi.c.obj</name>
      </input_file>
      <input_file id="fl-fd">
         <path>C:\ti\ccs1240\ccs\tools\compiler\ti-cgt-arm_20.2.7.LTS\lib\</path>
         <kind>archive</kind>
         <file>rtsv7M4_T_le_eabi.lib</file>
         <name>ctype.c.obj</name>
      </input_file>
      <input_file id="fl-fe">
         <path>C:\ti\ccs1240\ccs\tools\compiler\ti-cgt-arm_20.2.7.LTS\lib\</path>
         <kind>archive</kind>
         <file>rtsv7M4_T_le_eabi.lib</file>
         <name>memccpy.c.obj</name>
      </input_file>
      <input_file id="fl-ff">
         <path>C:\ti\ccs1240\ccs\tools\compiler\ti-cgt-arm_20.2.7.LTS\lib\</path>
         <kind>archive</kind>
         <file>rtsv7M4_T_le_eabi.lib</file>
         <name>strchr.c.obj</name>
      </input_file>
      <input_file id="fl-100">
         <path>C:\ti\ccs1240\ccs\tools\compiler\ti-cgt-arm_20.2.7.LTS\lib\</path>
         <kind>archive</kind>
         <file>rtsv7M4_T_le_eabi.lib</file>
         <name>strlen.c.obj</name>
      </input_file>
      <input_file id="fl-101">
         <path>C:\ti\ccs1240\ccs\tools\compiler\ti-cgt-arm_20.2.7.LTS\lib\</path>
         <kind>archive</kind>
         <file>rtsv7M4_T_le_eabi.lib</file>
         <name>errno.c.obj</name>
      </input_file>
      <input_file id="fl-102">
         <path>C:\ti\ccs1240\ccs\tools\compiler\ti-cgt-arm_20.2.7.LTS\lib\</path>
         <kind>archive</kind>
         <file>rtsv7M4_T_le_eabi.lib</file>
         <name>wcslen.c.obj</name>
      </input_file>
      <input_file id="fl-103">
         <path>C:\ti\ccs1240\ccs\tools\compiler\ti-cgt-arm_20.2.7.LTS\lib\</path>
         <kind>archive</kind>
         <file>rtsv7M4_T_le_eabi.lib</file>
         <name>s_frexp.c.obj</name>
      </input_file>
      <input_file id="fl-104">
         <path>C:\ti\ccs1240\ccs\tools\compiler\ti-cgt-arm_20.2.7.LTS\lib\</path>
         <kind>archive</kind>
         <file>rtsv7M4_T_le_eabi.lib</file>
         <name>s_scalbn.c.obj</name>
      </input_file>
      <input_file id="fl-105">
         <path>C:\ti\ccs1240\ccs\tools\compiler\ti-cgt-arm_20.2.7.LTS\lib\</path>
         <kind>archive</kind>
         <file>rtsv7M4_T_le_eabi.lib</file>
         <name>s_copysign.c.obj</name>
      </input_file>
   </input_file_list>
   <object_component_list>
      <object_component id="oc-47a">
         <name>.text:__TI_printfi</name>
         <load_address>0x2000c040</load_address>
         <run_address>0x2000c040</run_address>
         <size>0xa4e</size>
         <input_file_ref idref="fl-ec"/>
      </object_component>
      <object_component id="oc-1ee">
         <name>.text:Board_initHook</name>
         <load_address>0x2000ca8e</load_address>
         <run_address>0x2000ca8e</run_address>
         <size>0x2</size>
         <input_file_ref idref="fl-3"/>
      </object_component>
      <object_component id="oc-1dc">
         <name>.text:PRCMCC3200MCUInit</name>
         <load_address>0x2000ca90</load_address>
         <run_address>0x2000ca90</run_address>
         <size>0x42c</size>
         <input_file_ref idref="fl-26"/>
      </object_component>
      <object_component id="oc-7c6">
         <name>.text:UARTCC32XX_open</name>
         <load_address>0x2000cebc</load_address>
         <run_address>0x2000cebc</run_address>
         <size>0x288</size>
         <input_file_ref idref="fl-17"/>
      </object_component>
      <object_component id="oc-620">
         <name>.text:_pconv_a</name>
         <load_address>0x2000d144</load_address>
         <run_address>0x2000d144</run_address>
         <size>0x268</size>
         <input_file_ref idref="fl-ec"/>
      </object_component>
      <object_component id="oc-60e">
         <name>.text:_pconv_g</name>
         <load_address>0x2000d3ac</load_address>
         <run_address>0x2000d3ac</run_address>
         <size>0x1cc</size>
         <input_file_ref idref="fl-ec"/>
      </object_component>
      <object_component id="oc-820">
         <name>.text</name>
         <load_address>0x2000d578</load_address>
         <run_address>0x2000d578</run_address>
         <size>0x1b6</size>
         <input_file_ref idref="fl-ee"/>
      </object_component>
      <object_component id="oc-348">
         <name>.text:I2C_init</name>
         <load_address>0x2000d72e</load_address>
         <run_address>0x2000d72e</run_address>
         <size>0x2</size>
         <input_file_ref idref="fl-f"/>
      </object_component>
      <object_component id="oc-3d7">
         <name>.text:PowerCC32XX_sleepPolicy</name>
         <load_address>0x2000d730</load_address>
         <run_address>0x2000d730</run_address>
         <size>0x1a0</size>
         <input_file_ref idref="fl-1e"/>
      </object_component>
      <object_component id="oc-1f6">
         <name>.text:GPIO_setConfig</name>
         <load_address>0x2000d8d0</load_address>
         <run_address>0x2000d8d0</run_address>
         <size>0x154</size>
         <input_file_ref idref="fl-12"/>
      </object_component>
      <object_component id="oc-4c1">
         <name>.text:I2CCC32XX_hwiFxn</name>
         <load_address>0x2000da24</load_address>
         <run_address>0x2000da24</run_address>
         <size>0x148</size>
         <input_file_ref idref="fl-13"/>
      </object_component>
      <object_component id="oc-75a">
         <name>.text:parkPins</name>
         <load_address>0x2000db6c</load_address>
         <run_address>0x2000db6c</run_address>
         <size>0x148</size>
         <input_file_ref idref="fl-14"/>
      </object_component>
      <object_component id="oc-61a">
         <name>.text:_pconv_e</name>
         <load_address>0x2000dcb4</load_address>
         <run_address>0x2000dcb4</run_address>
         <size>0x13c</size>
         <input_file_ref idref="fl-ec"/>
      </object_component>
      <object_component id="oc-214">
         <name>.text:initI2C</name>
         <load_address>0x2000ddf0</load_address>
         <run_address>0x2000ddf0</run_address>
         <size>0x13c</size>
         <input_file_ref idref="fl-2"/>
      </object_component>
      <object_component id="oc-570">
         <name>.text:Power_sleep</name>
         <load_address>0x2000df2c</load_address>
         <run_address>0x2000df2c</run_address>
         <size>0x138</size>
         <input_file_ref idref="fl-14"/>
      </object_component>
      <object_component id="oc-370">
         <name>.text:Timer_open</name>
         <load_address>0x2000e064</load_address>
         <run_address>0x2000e064</run_address>
         <size>0x138</size>
         <input_file_ref idref="fl-16"/>
      </object_component>
      <object_component id="oc-806">
         <name>.text</name>
         <load_address>0x2000e19c</load_address>
         <run_address>0x2000e19c</run_address>
         <size>0x136</size>
         <input_file_ref idref="fl-f0"/>
      </object_component>
      <object_component id="oc-4cf">
         <name>.text:I2C_transferTimeout</name>
         <load_address>0x2000e2d2</load_address>
         <run_address>0x2000e2d2</run_address>
         <size>0x122</size>
         <input_file_ref idref="fl-f"/>
      </object_component>
      <object_component id="oc-7b4">
         <name>.text:UARTCC32XX_close</name>
         <load_address>0x2000e3f4</load_address>
         <run_address>0x2000e3f4</run_address>
         <size>0x120</size>
         <input_file_ref idref="fl-17"/>
      </object_component>
      <object_component id="oc-832">
         <name>.text:fcvt</name>
         <load_address>0x2000e514</load_address>
         <run_address>0x2000e514</run_address>
         <size>0x120</size>
         <input_file_ref idref="fl-ec"/>
      </object_component>
      <object_component id="oc-5d3">
         <name>.text:aligned_alloc</name>
         <load_address>0x2000e634</load_address>
         <run_address>0x2000e634</run_address>
         <size>0x100</size>
         <input_file_ref idref="fl-ea"/>
      </object_component>
      <object_component id="oc-354">
         <name>.text:I2C_open</name>
         <load_address>0x2000e734</load_address>
         <run_address>0x2000e734</run_address>
         <size>0xfc</size>
         <input_file_ref idref="fl-13"/>
      </object_component>
      <object_component id="oc-801">
         <name>.text</name>
         <load_address>0x2000e830</load_address>
         <run_address>0x2000e830</run_address>
         <size>0xfc</size>
         <input_file_ref idref="fl-f1"/>
      </object_component>
      <object_component id="oc-7ba">
         <name>.text:UARTCC32XX_control</name>
         <load_address>0x2000e92c</load_address>
         <run_address>0x2000e92c</run_address>
         <size>0xf2</size>
         <input_file_ref idref="fl-17"/>
      </object_component>
      <object_component id="oc-3d1">
         <name>.text:PowerCC32XX_initPolicy</name>
         <load_address>0x2000ea1e</load_address>
         <run_address>0x2000ea1e</run_address>
         <size>0x2</size>
         <input_file_ref idref="fl-1e"/>
      </object_component>
      <object_component id="oc-3f3">
         <name>.text:free</name>
         <load_address>0x2000ea20</load_address>
         <run_address>0x2000ea20</run_address>
         <size>0xe4</size>
         <input_file_ref idref="fl-ea"/>
      </object_component>
      <object_component id="oc-846">
         <name>.text:scalbn</name>
         <load_address>0x2000eb04</load_address>
         <run_address>0x2000eb04</run_address>
         <size>0xd0</size>
         <input_file_ref idref="fl-104"/>
      </object_component>
      <object_component id="oc-7de">
         <name>.text:UARTCC32XX_write</name>
         <load_address>0x2000ebd4</load_address>
         <run_address>0x2000ebd4</run_address>
         <size>0xca</size>
         <input_file_ref idref="fl-17"/>
      </object_component>
      <object_component id="oc-6db">
         <name>.text:SemaphoreP_destruct</name>
         <load_address>0x2000ec9e</load_address>
         <run_address>0x2000ec9e</run_address>
         <size>0x2</size>
         <input_file_ref idref="fl-1b"/>
      </object_component>
      <object_component id="oc-777">
         <name>.text:restoreParkedPins</name>
         <load_address>0x2000eca0</load_address>
         <run_address>0x2000eca0</run_address>
         <size>0xc0</size>
         <input_file_ref idref="fl-14"/>
      </object_component>
      <object_component id="oc-7d2">
         <name>.text:UARTCC32XX_readPolling</name>
         <load_address>0x2000ed60</load_address>
         <run_address>0x2000ed60</run_address>
         <size>0xba</size>
         <input_file_ref idref="fl-17"/>
      </object_component>
      <object_component id="oc-364">
         <name>.text:Timer_init</name>
         <load_address>0x2000ee1a</load_address>
         <run_address>0x2000ee1a</run_address>
         <size>0x2</size>
         <input_file_ref idref="fl-10"/>
      </object_component>
      <object_component id="oc-97d">
         <name>.text:initHw</name>
         <load_address>0x2000ee1c</load_address>
         <run_address>0x2000ee1c</run_address>
         <size>0xb8</size>
         <input_file_ref idref="fl-17"/>
      </object_component>
      <object_component id="oc-a4c">
         <name>.text:readTaskCallback</name>
         <load_address>0x2000eed4</load_address>
         <run_address>0x2000eed4</run_address>
         <size>0xb6</size>
         <input_file_ref idref="fl-17"/>
      </object_component>
      <object_component id="oc-686">
         <name>.text:I2CCC32XX_completeTransfer</name>
         <load_address>0x2000ef8a</load_address>
         <run_address>0x2000ef8a</run_address>
         <size>0xb2</size>
         <input_file_ref idref="fl-13"/>
      </object_component>
      <object_component id="oc-603">
         <name>.text:_ltostr</name>
         <load_address>0x2000f03c</load_address>
         <run_address>0x2000f03c</run_address>
         <size>0xb1</size>
         <input_file_ref idref="fl-ec"/>
      </object_component>
      <object_component id="oc-a3a">
         <name>.text:readTaskBlocking</name>
         <load_address>0x2000f0ee</load_address>
         <run_address>0x2000f0ee</run_address>
         <size>0xb0</size>
         <input_file_ref idref="fl-17"/>
      </object_component>
      <object_component id="oc-a40">
         <name>.text:readIsrTextBlocking</name>
         <load_address>0x2000f19e</load_address>
         <run_address>0x2000f19e</run_address>
         <size>0xae</size>
         <input_file_ref idref="fl-17"/>
      </object_component>
      <object_component id="oc-674">
         <name>.text:I2CCC32XX_primeWriteBurst</name>
         <load_address>0x2000f24c</load_address>
         <run_address>0x2000f24c</run_address>
         <size>0xa8</size>
         <input_file_ref idref="fl-13"/>
      </object_component>
      <object_component id="oc-b5">
         <name>.text:IntEnable</name>
         <load_address>0x2000f2f4</load_address>
         <run_address>0x2000f2f4</run_address>
         <size>0xa8</size>
         <input_file_ref idref="fl-24"/>
      </object_component>
      <object_component id="oc-2ae">
         <name>.text:PowerCC32XX_configureWakeup</name>
         <load_address>0x2000f39c</load_address>
         <run_address>0x2000f39c</run_address>
         <size>0xa8</size>
         <input_file_ref idref="fl-14"/>
      </object_component>
      <object_component id="oc-a52">
         <name>.text:readIsrTextCallback</name>
         <load_address>0x2000f444</load_address>
         <run_address>0x2000f444</run_address>
         <size>0xa2</size>
         <input_file_ref idref="fl-17"/>
      </object_component>
      <object_component id="oc-9b4">
         <name>.text:writeData</name>
         <load_address>0x2000f4e6</load_address>
         <run_address>0x2000f4e6</run_address>
         <size>0xa2</size>
         <input_file_ref idref="fl-17"/>
      </object_component>
      <object_component id="oc-2d3">
         <name>.text:SemaphoreP_pend</name>
         <load_address>0x2000f588</load_address>
         <run_address>0x2000f588</run_address>
         <size>0xa0</size>
         <input_file_ref idref="fl-1b"/>
      </object_component>
      <object_component id="oc-4af">
         <name>.text:I2CCC32XX_initHw</name>
         <load_address>0x2000f628</load_address>
         <run_address>0x2000f628</run_address>
         <size>0x9c</size>
         <input_file_ref idref="fl-13"/>
      </object_component>
      <object_component id="oc-3b">
         <name>.text</name>
         <load_address>0x2000f6c4</load_address>
         <run_address>0x2000f6c4</run_address>
         <size>0x9c</size>
         <input_file_ref idref="fl-e5"/>
      </object_component>
      <object_component id="oc-56b">
         <name>.text</name>
         <load_address>0x2000f760</load_address>
         <run_address>0x2000f760</run_address>
         <size>0x96</size>
         <input_file_ref idref="fl-e6"/>
      </object_component>
      <object_component id="oc-7c0">
         <name>.text:UARTCC32XX_init</name>
         <load_address>0x2000f7f6</load_address>
         <run_address>0x2000f7f6</run_address>
         <size>0x2</size>
         <input_file_ref idref="fl-17"/>
      </object_component>
      <object_component id="oc-1e8">
         <name>.text:GPIO_init</name>
         <load_address>0x2000f7f8</load_address>
         <run_address>0x2000f7f8</run_address>
         <size>0x90</size>
         <input_file_ref idref="fl-12"/>
      </object_component>
      <object_component id="oc-76b">
         <name>.text:restoreNVICRegs</name>
         <load_address>0x2000f888</load_address>
         <run_address>0x2000f888</run_address>
         <size>0x90</size>
         <input_file_ref idref="fl-14"/>
      </object_component>
      <object_component id="oc-453">
         <name>.text:HwiP_construct</name>
         <load_address>0x2000f918</load_address>
         <run_address>0x2000f918</run_address>
         <size>0x8c</size>
         <input_file_ref idref="fl-1d"/>
      </object_component>
      <object_component id="oc-937">
         <name>.text:IntPendSet</name>
         <load_address>0x2000f9a4</load_address>
         <run_address>0x2000f9a4</run_address>
         <size>0x88</size>
         <input_file_ref idref="fl-24"/>
      </object_component>
      <object_component id="oc-2fa">
         <name>.text:PinConfigSet</name>
         <load_address>0x2000fa2c</load_address>
         <run_address>0x2000fa2c</run_address>
         <size>0x88</size>
         <input_file_ref idref="fl-25"/>
      </object_component>
      <object_component id="oc-609">
         <name>.text:__aeabi_cdcmple</name>
         <load_address>0x2000fab4</load_address>
         <run_address>0x2000fab4</run_address>
         <size>0x86</size>
         <input_file_ref idref="fl-ef"/>
      </object_component>
      <object_component id="oc-80b">
         <name>.text:__aeabi_cdrcmple</name>
         <load_address>0x2000fb3a</load_address>
         <run_address>0x2000fb3a</run_address>
         <size>0x86</size>
         <input_file_ref idref="fl-ef"/>
      </object_component>
      <object_component id="oc-1e2">
         <name>.text:Power_init</name>
         <load_address>0x2000fbc0</load_address>
         <run_address>0x2000fbc0</run_address>
         <size>0x84</size>
         <input_file_ref idref="fl-14"/>
      </object_component>
      <object_component id="oc-760">
         <name>.text:saveNVICRegs</name>
         <load_address>0x2000fc44</load_address>
         <run_address>0x2000fc44</run_address>
         <size>0x84</size>
         <input_file_ref idref="fl-14"/>
      </object_component>
      <object_component id="oc-1fc">
         <name>.text:GPIO_write</name>
         <load_address>0x2000fcc8</load_address>
         <run_address>0x2000fcc8</run_address>
         <size>0x80</size>
         <input_file_ref idref="fl-12"/>
      </object_component>
      <object_component id="oc-300">
         <name>.text:Power_setDependency</name>
         <load_address>0x2000fd48</load_address>
         <run_address>0x2000fd48</run_address>
         <size>0x80</size>
         <input_file_ref idref="fl-14"/>
      </object_component>
      <object_component id="oc-166">
         <name>.text:mainThread</name>
         <load_address>0x2000fdc8</load_address>
         <run_address>0x2000fdc8</run_address>
         <size>0x80</size>
         <input_file_ref idref="fl-2"/>
      </object_component>
      <object_component id="oc-a34">
         <name>.text:readIsrBinaryBlocking</name>
         <load_address>0x2000fe48</load_address>
         <run_address>0x2000fe48</run_address>
         <size>0x7c</size>
         <input_file_ref idref="fl-17"/>
      </object_component>
      <object_component id="oc-66e">
         <name>.text:I2CCC32XX_primeReadBurst</name>
         <load_address>0x2000fec4</load_address>
         <run_address>0x2000fec4</run_address>
         <size>0x7a</size>
         <input_file_ref idref="fl-13"/>
      </object_component>
      <object_component id="oc-72c">
         <name>.text</name>
         <load_address>0x2000ff3e</load_address>
         <run_address>0x2000ff3e</run_address>
         <size>0x7a</size>
         <input_file_ref idref="fl-e1"/>
      </object_component>
      <object_component id="oc-9d">
         <name>.text</name>
         <load_address>0x2000ffb8</load_address>
         <run_address>0x2000ffb8</run_address>
         <size>0x7a</size>
         <input_file_ref idref="fl-f4"/>
      </object_component>
      <object_component id="oc-a46">
         <name>.text:readIsrBinaryCallback</name>
         <load_address>0x20010032</load_address>
         <run_address>0x20010032</run_address>
         <size>0x78</size>
         <input_file_ref idref="fl-17"/>
      </object_component>
      <object_component id="oc-98c">
         <name>.text:UARTCC32XX_hwiIntFxn</name>
         <load_address>0x200100aa</load_address>
         <run_address>0x200100aa</run_address>
         <size>0x74</size>
         <input_file_ref idref="fl-17"/>
      </object_component>
      <object_component id="oc-39e">
         <name>.text:_nop</name>
         <load_address>0x2001011e</load_address>
         <run_address>0x2001011e</run_address>
         <size>0x2</size>
         <input_file_ref idref="fl-f9"/>
      </object_component>
      <object_component id="oc-2f2">
         <name>.text:powerNotifyFxn</name>
         <load_address>0x20010120</load_address>
         <run_address>0x20010120</run_address>
         <size>0x74</size>
         <input_file_ref idref="fl-12"/>
      </object_component>
      <object_component id="oc-394">
         <name>.text:reportServer</name>
         <load_address>0x20010194</load_address>
         <run_address>0x20010194</run_address>
         <size>0x74</size>
         <input_file_ref idref="fl-2"/>
      </object_component>
      <object_component id="oc-7a8">
         <name>.text:split</name>
         <load_address>0x20010208</load_address>
         <run_address>0x20010208</run_address>
         <size>0x70</size>
         <input_file_ref idref="fl-ea"/>
      </object_component>
      <object_component id="oc-82b">
         <name>.text:_mcpy</name>
         <load_address>0x20010278</load_address>
         <run_address>0x20010278</run_address>
         <size>0x6e</size>
         <input_file_ref idref="fl-ec"/>
      </object_component>
      <object_component id="oc-6a1">
         <name>.text:I2CSupport_primeTransfer</name>
         <load_address>0x200102e6</load_address>
         <run_address>0x200102e6</run_address>
         <size>0x6a</size>
         <input_file_ref idref="fl-13"/>
      </object_component>
      <object_component id="oc-14">
         <name>.text:decompress:lzss:__TI_decompress_lzss</name>
         <load_address>0x20010350</load_address>
         <run_address>0x20010350</run_address>
         <size>0x68</size>
         <input_file_ref idref="fl-e9"/>
      </object_component>
      <object_component id="oc-7ea">
         <name>.text:UARTCC32XX_writeCancel</name>
         <load_address>0x200103b8</load_address>
         <run_address>0x200103b8</run_address>
         <size>0x66</size>
         <input_file_ref idref="fl-17"/>
      </object_component>
      <object_component id="oc-73">
         <name>.text:busFaultHandler</name>
         <load_address>0x2001041e</load_address>
         <run_address>0x2001041e</run_address>
         <size>0x2</size>
         <input_file_ref idref="fl-1f"/>
      </object_component>
      <object_component id="oc-312">
         <name>.text:GPIO_setInterruptConfig</name>
         <load_address>0x20010420</load_address>
         <run_address>0x20010420</run_address>
         <size>0x64</size>
         <input_file_ref idref="fl-12"/>
      </object_component>
      <object_component id="oc-443">
         <name>.text:PowerCC32XX_setParkState</name>
         <load_address>0x20010484</load_address>
         <run_address>0x20010484</run_address>
         <size>0x64</size>
         <input_file_ref idref="fl-14"/>
      </object_component>
      <object_component id="oc-7e4">
         <name>.text:UARTCC32XX_writePolling</name>
         <load_address>0x200104e8</load_address>
         <run_address>0x200104e8</run_address>
         <size>0x62</size>
         <input_file_ref idref="fl-17"/>
      </object_component>
      <object_component id="oc-418">
         <name>.text:clkFxn</name>
         <load_address>0x2001054a</load_address>
         <run_address>0x2001054a</run_address>
         <size>0x2</size>
         <input_file_ref idref="fl-1b"/>
      </object_component>
      <object_component id="oc-31b">
         <name>.text:GPIO_hwiIntFxn</name>
         <load_address>0x2001054c</load_address>
         <run_address>0x2001054c</run_address>
         <size>0x60</size>
         <input_file_ref idref="fl-12"/>
      </object_component>
      <object_component id="oc-27c">
         <name>.text:PRCMSysResetCauseGet</name>
         <load_address>0x200105ac</load_address>
         <run_address>0x200105ac</run_address>
         <size>0x60</size>
         <input_file_ref idref="fl-26"/>
      </object_component>
      <object_component id="oc-37c">
         <name>.text:timerCallback</name>
         <load_address>0x2001060c</load_address>
         <run_address>0x2001060c</run_address>
         <size>0x60</size>
         <input_file_ref idref="fl-2"/>
      </object_component>
      <object_component id="oc-840">
         <name>.text:frexp</name>
         <load_address>0x2001066c</load_address>
         <run_address>0x2001066c</run_address>
         <size>0x5c</size>
         <input_file_ref idref="fl-103"/>
      </object_component>
      <object_component id="oc-8f7">
         <name>.text:sysTickInit</name>
         <load_address>0x200106c8</load_address>
         <run_address>0x200106c8</run_address>
         <size>0x5c</size>
         <input_file_ref idref="fl-1c"/>
      </object_component>
      <object_component id="oc-295">
         <name>.text:PRCMPeripheralReset</name>
         <load_address>0x20010724</load_address>
         <run_address>0x20010724</run_address>
         <size>0x58</size>
         <input_file_ref idref="fl-26"/>
      </object_component>
      <object_component id="oc-8d7">
         <name>.text:Power_releaseDependency</name>
         <load_address>0x2001077c</load_address>
         <run_address>0x2001077c</run_address>
         <size>0x58</size>
         <input_file_ref idref="fl-14"/>
      </object_component>
      <object_component id="oc-614">
         <name>.text:_pconv_f</name>
         <load_address>0x200107d4</load_address>
         <run_address>0x200107d4</run_address>
         <size>0x56</size>
         <input_file_ref idref="fl-ec"/>
      </object_component>
      <object_component id="oc-815">
         <name>.text:__TI_ltoa</name>
         <load_address>0x2001082a</load_address>
         <run_address>0x2001082a</run_address>
         <size>0x54</size>
         <input_file_ref idref="fl-fa"/>
      </object_component>
      <object_component id="oc-a9f">
         <name>.text:ringBufGet</name>
         <load_address>0x2001087e</load_address>
         <run_address>0x2001087e</run_address>
         <size>0x54</size>
         <input_file_ref idref="fl-17"/>
      </object_component>
      <object_component id="oc-914">
         <name>.text:PowerCC32XX_resumeLPDS</name>
         <load_address>0x200108d2</load_address>
         <run_address>0x200108d2</run_address>
         <size>0x52</size>
         <input_file_ref idref="fl-15"/>
      </object_component>
      <object_component id="oc-825">
         <name>.text:_ecpy</name>
         <load_address>0x20010924</load_address>
         <run_address>0x20010924</run_address>
         <size>0x52</size>
         <input_file_ref idref="fl-ec"/>
      </object_component>
      <object_component id="oc-4f7">
         <name>.text:initHw</name>
         <load_address>0x20010976</load_address>
         <run_address>0x20010976</run_address>
         <size>0x52</size>
         <input_file_ref idref="fl-16"/>
      </object_component>
      <object_component id="oc-79">
         <name>.text:ClockP_sysTickHandler</name>
         <load_address>0x200109c8</load_address>
         <run_address>0x200109c8</run_address>
         <size>0x50</size>
         <input_file_ref idref="fl-1c"/>
      </object_component>
      <object_component id="oc-597">
         <name>.text:SemaphoreP_construct</name>
         <load_address>0x20010a18</load_address>
         <run_address>0x20010a18</run_address>
         <size>0x50</size>
         <input_file_ref idref="fl-1b"/>
      </object_component>
      <object_component id="oc-4df">
         <name>.text:TimerCC32XX_allocateTimerResource</name>
         <load_address>0x20010a68</load_address>
         <run_address>0x20010a68</run_address>
         <size>0x50</size>
         <input_file_ref idref="fl-16"/>
      </object_component>
      <object_component id="oc-662">
         <name>.text:I2CCC32XX_readRecieveFifo</name>
         <load_address>0x20010ab8</load_address>
         <run_address>0x20010ab8</run_address>
         <size>0x4c</size>
         <input_file_ref idref="fl-13"/>
      </object_component>
      <object_component id="oc-90b">
         <name>.text:PowerCC32XX_parkPin</name>
         <load_address>0x20010b04</load_address>
         <run_address>0x20010b04</run_address>
         <size>0x4c</size>
         <input_file_ref idref="fl-14"/>
      </object_component>
      <object_component id="oc-5fd">
         <name>.text:atoi</name>
         <load_address>0x20010b50</load_address>
         <run_address>0x20010b50</run_address>
         <size>0x4c</size>
         <input_file_ref idref="fl-fc"/>
      </object_component>
      <object_component id="oc-388">
         <name>.text:checkButton</name>
         <load_address>0x20010b9c</load_address>
         <run_address>0x20010b9c</run_address>
         <size>0x4c</size>
         <input_file_ref idref="fl-2"/>
      </object_component>
      <object_component id="oc-51c">
         <name>.text:readTemp</name>
         <load_address>0x20010be8</load_address>
         <run_address>0x20010be8</run_address>
         <size>0x4c</size>
         <input_file_ref idref="fl-2"/>
      </object_component>
      <object_component id="oc-771">
         <name>.text:restorePeriphClocks</name>
         <load_address>0x20010c34</load_address>
         <run_address>0x20010c34</run_address>
         <size>0x4c</size>
         <input_file_ref idref="fl-14"/>
      </object_component>
      <object_component id="oc-33c">
         <name>.text:snprintf</name>
         <load_address>0x20010c80</load_address>
         <run_address>0x20010c80</run_address>
         <size>0x4c</size>
         <input_file_ref idref="fl-e0"/>
      </object_component>
      <object_component id="oc-92f">
         <name>.text:FlashDisable</name>
         <load_address>0x20010ccc</load_address>
         <run_address>0x20010ccc</run_address>
         <size>0x48</size>
         <input_file_ref idref="fl-2a"/>
      </object_component>
      <object_component id="oc-45a">
         <name>.text:GPIO_disableInt</name>
         <load_address>0x20010d14</load_address>
         <run_address>0x20010d14</run_address>
         <size>0x48</size>
         <input_file_ref idref="fl-12"/>
      </object_component>
      <object_component id="oc-208">
         <name>.text:GPIO_enableInt</name>
         <load_address>0x20010d5c</load_address>
         <run_address>0x20010d5c</run_address>
         <size>0x48</size>
         <input_file_ref idref="fl-12"/>
      </object_component>
      <object_component id="oc-77d">
         <name>.text:PRCMLPDSEnter</name>
         <load_address>0x20010da4</load_address>
         <run_address>0x20010da4</run_address>
         <size>0x48</size>
         <input_file_ref idref="fl-26"/>
      </object_component>
      <object_component id="oc-28f">
         <name>.text:PRCMPeripheralClkEnable</name>
         <load_address>0x20010dec</load_address>
         <run_address>0x20010dec</run_address>
         <size>0x48</size>
         <input_file_ref idref="fl-26"/>
      </object_component>
      <object_component id="oc-895">
         <name>.text:Power_releaseConstraint</name>
         <load_address>0x20010e34</load_address>
         <run_address>0x20010e34</run_address>
         <size>0x48</size>
         <input_file_ref idref="fl-14"/>
      </object_component>
      <object_component id="oc-21a">
         <name>.text:initTimer</name>
         <load_address>0x20010e7c</load_address>
         <run_address>0x20010e7c</run_address>
         <size>0x48</size>
         <input_file_ref idref="fl-2"/>
      </object_component>
      <object_component id="oc-810">
         <name>.text</name>
         <load_address>0x20010ec4</load_address>
         <run_address>0x20010ec4</run_address>
         <size>0x48</size>
         <input_file_ref idref="fl-f2"/>
      </object_component>
      <object_component id="oc-a8c">
         <name>.text:RingBuf_put</name>
         <load_address>0x20010f0c</load_address>
         <run_address>0x20010f0c</run_address>
         <size>0x46</size>
         <input_file_ref idref="fl-19"/>
      </object_component>
      <object_component id="oc-4f1">
         <name>.text:getPrescaler</name>
         <load_address>0x20010f52</load_address>
         <run_address>0x20010f52</run_address>
         <size>0x46</size>
         <input_file_ref idref="fl-16"/>
      </object_component>
      <object_component id="oc-5bf">
         <name>.text:ClockP_stop</name>
         <load_address>0x20010f98</load_address>
         <run_address>0x20010f98</run_address>
         <size>0x44</size>
         <input_file_ref idref="fl-1c"/>
      </object_component>
      <object_component id="oc-919">
         <name>.text:PRCMLPDSRestoreInfoSet</name>
         <load_address>0x20010fdc</load_address>
         <run_address>0x20010fdc</run_address>
         <size>0x44</size>
         <input_file_ref idref="fl-26"/>
      </object_component>
      <object_component id="oc-766">
         <name>.text:PowerCC32XX_enterLPDS</name>
         <load_address>0x20011020</load_address>
         <run_address>0x20011020</run_address>
         <size>0x44</size>
         <input_file_ref idref="fl-15"/>
      </object_component>
      <object_component id="oc-2df">
         <name>.text:SemaphoreP_post</name>
         <load_address>0x20011064</load_address>
         <run_address>0x20011064</run_address>
         <size>0x44</size>
         <input_file_ref idref="fl-1b"/>
      </object_component>
      <object_component id="oc-587">
         <name>.text:SwiP_restore</name>
         <load_address>0x200110a8</load_address>
         <run_address>0x200110a8</run_address>
         <size>0x44</size>
         <input_file_ref idref="fl-20"/>
      </object_component>
      <object_component id="oc-376">
         <name>.text:Timer_start</name>
         <load_address>0x200110ec</load_address>
         <run_address>0x200110ec</run_address>
         <size>0x44</size>
         <input_file_ref idref="fl-10"/>
      </object_component>
      <object_component id="oc-329">
         <name>.text:UART_init</name>
         <load_address>0x20011130</load_address>
         <run_address>0x20011130</run_address>
         <size>0x44</size>
         <input_file_ref idref="fl-11"/>
      </object_component>
      <object_component id="oc-179">
         <name>.text:__TI_auto_init_nobinit_nopinit:__TI_auto_init_nobinit_nopinit</name>
         <load_address>0x20011174</load_address>
         <run_address>0x20011174</run_address>
         <size>0x44</size>
         <input_file_ref idref="fl-f5"/>
      </object_component>
      <object_component id="oc-a23">
         <name>.text:ClockP_construct</name>
         <load_address>0x200111b8</load_address>
         <run_address>0x200111b8</run_address>
         <size>0x40</size>
         <input_file_ref idref="fl-1c"/>
      </object_component>
      <object_component id="oc-2a7">
         <name>.text:PinModeSet</name>
         <load_address>0x200111f8</load_address>
         <run_address>0x200111f8</run_address>
         <size>0x40</size>
         <input_file_ref idref="fl-25"/>
      </object_component>
      <object_component id="oc-9a6">
         <name>.text:RingBuf_get</name>
         <load_address>0x20011238</load_address>
         <run_address>0x20011238</run_address>
         <size>0x40</size>
         <input_file_ref idref="fl-19"/>
      </object_component>
      <object_component id="oc-511">
         <name>.text:TimerSupport_timerEnable</name>
         <load_address>0x20011278</load_address>
         <run_address>0x20011278</run_address>
         <size>0x40</size>
         <input_file_ref idref="fl-16"/>
      </object_component>
      <object_component id="oc-4eb">
         <name>.text:Timer_close</name>
         <load_address>0x200112b8</load_address>
         <run_address>0x200112b8</run_address>
         <size>0x40</size>
         <input_file_ref idref="fl-16"/>
      </object_component>
      <object_component id="oc-7cc">
         <name>.text:UARTCC32XX_read</name>
         <load_address>0x200112f8</load_address>
         <run_address>0x200112f8</run_address>
         <size>0x40</size>
         <input_file_ref idref="fl-17"/>
      </object_component>
      <object_component id="oc-335">
         <name>.text:UART_open</name>
         <load_address>0x20011338</load_address>
         <run_address>0x20011338</run_address>
         <size>0x40</size>
         <input_file_ref idref="fl-11"/>
      </object_component>
      <object_component id="oc-838">
         <name>.text:_fcpy</name>
         <load_address>0x20011378</load_address>
         <run_address>0x20011378</run_address>
         <size>0x3e</size>
         <input_file_ref idref="fl-ec"/>
      </object_component>
      <object_component id="oc-6d">
         <name>.text:defaultHandler</name>
         <load_address>0x200113b6</load_address>
         <run_address>0x200113b6</run_address>
         <size>0x2</size>
         <input_file_ref idref="fl-1f"/>
      </object_component>
      <object_component id="oc-412">
         <name>.text:ClockP_destruct</name>
         <load_address>0x200113b8</load_address>
         <run_address>0x200113b8</run_address>
         <size>0x3c</size>
         <input_file_ref idref="fl-1c"/>
      </object_component>
      <object_component id="oc-71a">
         <name>.text:Power_setConstraint</name>
         <load_address>0x200113f4</load_address>
         <run_address>0x200113f4</run_address>
         <size>0x3c</size>
         <input_file_ref idref="fl-14"/>
      </object_component>
      <object_component id="oc-20e">
         <name>.text:initUART</name>
         <load_address>0x20011430</load_address>
         <run_address>0x20011430</run_address>
         <size>0x3c</size>
         <input_file_ref idref="fl-2"/>
      </object_component>
      <object_component id="oc-565">
         <name>.text:getCountsRTC</name>
         <load_address>0x2001146c</load_address>
         <run_address>0x2001146c</run_address>
         <size>0x3a</size>
         <input_file_ref idref="fl-1e"/>
      </object_component>
      <object_component id="oc-67">
         <name>.text:faultISR</name>
         <load_address>0x200114a6</load_address>
         <run_address>0x200114a6</run_address>
         <size>0x2</size>
         <input_file_ref idref="fl-1f"/>
      </object_component>
      <object_component id="oc-783">
         <name>.text:PRCMLPDSEnterKeepDebugIf</name>
         <load_address>0x200114a8</load_address>
         <run_address>0x200114a8</run_address>
         <size>0x38</size>
         <input_file_ref idref="fl-26"/>
      </object_component>
      <object_component id="oc-db">
         <name>.text:addToList</name>
         <load_address>0x200114e0</load_address>
         <run_address>0x200114e0</run_address>
         <size>0x38</size>
         <input_file_ref idref="fl-1c"/>
      </object_component>
      <object_component id="oc-59">
         <name>.text:initVectors</name>
         <load_address>0x20011518</load_address>
         <run_address>0x20011518</run_address>
         <size>0x38</size>
         <input_file_ref idref="fl-1f"/>
      </object_component>
      <object_component id="oc-754">
         <name>.text:notify</name>
         <load_address>0x20011550</load_address>
         <run_address>0x20011550</run_address>
         <size>0x38</size>
         <input_file_ref idref="fl-14"/>
      </object_component>
      <object_component id="oc-731">
         <name>.text</name>
         <load_address>0x20011588</load_address>
         <run_address>0x20011588</run_address>
         <size>0x38</size>
         <input_file_ref idref="fl-e2"/>
      </object_component>
      <object_component id="oc-727">
         <name>.text</name>
         <load_address>0x200115c0</load_address>
         <run_address>0x200115c0</run_address>
         <size>0x38</size>
         <input_file_ref idref="fl-e3"/>
      </object_component>
      <object_component id="oc-6fb">
         <name>.text:TimerControlStall</name>
         <load_address>0x200115f8</load_address>
         <run_address>0x200115f8</run_address>
         <size>0x36</size>
         <input_file_ref idref="fl-27"/>
      </object_component>
      <object_component id="oc-6c9">
         <name>.text:Timer_stop</name>
         <load_address>0x2001162e</load_address>
         <run_address>0x2001162e</run_address>
         <size>0x36</size>
         <input_file_ref idref="fl-10"/>
      </object_component>
      <object_component id="oc-7d8">
         <name>.text:UARTCC32XX_readCancel</name>
         <load_address>0x20011664</load_address>
         <run_address>0x20011664</run_address>
         <size>0x36</size>
         <input_file_ref idref="fl-17"/>
      </object_component>
      <object_component id="oc-61">
         <name>.text:nmiISR</name>
         <load_address>0x2001169a</load_address>
         <run_address>0x2001169a</run_address>
         <size>0x2</size>
         <input_file_ref idref="fl-1f"/>
      </object_component>
      <object_component id="oc-553">
         <name>.text:ClockP_getTicksUntilInterrupt</name>
         <load_address>0x2001169c</load_address>
         <run_address>0x2001169c</run_address>
         <size>0x34</size>
         <input_file_ref idref="fl-1c"/>
      </object_component>
      <object_component id="oc-745">
         <name>.text:ClockP_startup</name>
         <load_address>0x200116d0</load_address>
         <run_address>0x200116d0</run_address>
         <size>0x34</size>
         <input_file_ref idref="fl-1c"/>
      </object_component>
      <object_component id="oc-2a1">
         <name>.text:PinModeGet</name>
         <load_address>0x20011704</load_address>
         <run_address>0x20011704</run_address>
         <size>0x34</size>
         <input_file_ref idref="fl-25"/>
      </object_component>
      <object_component id="oc-94a">
         <name>.text:PowerCC32XX_restoreParkState</name>
         <load_address>0x20011738</load_address>
         <run_address>0x20011738</run_address>
         <size>0x34</size>
         <input_file_ref idref="fl-14"/>
      </object_component>
      <object_component id="oc-6e1">
         <name>.text:TimerCC32XX_freeTimerResource</name>
         <load_address>0x2001176c</load_address>
         <run_address>0x2001176c</run_address>
         <size>0x34</size>
         <input_file_ref idref="fl-16"/>
      </object_component>
      <object_component id="oc-509">
         <name>.text:TimerCC32XX_hwiIntFunction</name>
         <load_address>0x200117a0</load_address>
         <run_address>0x200117a0</run_address>
         <size>0x34</size>
         <input_file_ref idref="fl-16"/>
      </object_component>
      <object_component id="oc-6be">
         <name>.text:getPowerMgrId</name>
         <load_address>0x200117d4</load_address>
         <run_address>0x200117d4</run_address>
         <size>0x34</size>
         <input_file_ref idref="fl-16"/>
      </object_component>
      <object_component id="oc-400">
         <name>.text:ClockP_start</name>
         <load_address>0x20011808</load_address>
         <run_address>0x20011808</run_address>
         <size>0x30</size>
         <input_file_ref idref="fl-1c"/>
      </object_component>
      <object_component id="oc-928">
         <name>.text:PowerCC32XX_restoreParkedPin</name>
         <load_address>0x20011838</load_address>
         <run_address>0x20011838</run_address>
         <size>0x30</size>
         <input_file_ref idref="fl-14"/>
      </object_component>
      <object_component id="oc-480">
         <name>.text:_outs</name>
         <load_address>0x20011868</load_address>
         <run_address>0x20011868</run_address>
         <size>0x30</size>
         <input_file_ref idref="fl-e0"/>
      </object_component>
      <object_component id="oc-81b">
         <name>.text</name>
         <load_address>0x20011898</load_address>
         <run_address>0x20011898</run_address>
         <size>0x2e</size>
         <input_file_ref idref="fl-f3"/>
      </object_component>
      <object_component id="oc-74e">
         <name>.text</name>
         <load_address>0x200118c6</load_address>
         <run_address>0x200118c6</run_address>
         <size>0x2</size>
         <input_file_ref idref="fl-ed"/>
      </object_component>
      <object_component id="oc-96b">
         <name>.text:PowerCC32XX_getParkState</name>
         <load_address>0x200118c8</load_address>
         <run_address>0x200118c8</run_address>
         <size>0x2c</size>
         <input_file_ref idref="fl-14"/>
      </object_component>
      <object_component id="oc-30c">
         <name>.text:HwiP_create</name>
         <load_address>0x200118f4</load_address>
         <run_address>0x200118f4</run_address>
         <size>0x2a</size>
         <input_file_ref idref="fl-1d"/>
      </object_component>
      <object_component id="oc-6f5">
         <name>.text:TimerLoadSet</name>
         <load_address>0x2001191e</load_address>
         <run_address>0x2001191e</run_address>
         <size>0x2a</size>
         <input_file_ref idref="fl-27"/>
      </object_component>
      <object_component id="oc-6ef">
         <name>.text:TimerPrescaleSet</name>
         <load_address>0x20011948</load_address>
         <run_address>0x20011948</run_address>
         <size>0x2a</size>
         <input_file_ref idref="fl-27"/>
      </object_component>
      <object_component id="oc-67a">
         <name>.text:I2CFIFODataPutNonBlocking</name>
         <load_address>0x20011972</load_address>
         <run_address>0x20011972</run_address>
         <size>0x28</size>
         <input_file_ref idref="fl-23"/>
      </object_component>
      <object_component id="oc-29b">
         <name>.text:PRCMPeripheralClkDisable</name>
         <load_address>0x2001199c</load_address>
         <run_address>0x2001199c</run_address>
         <size>0x28</size>
         <input_file_ref idref="fl-26"/>
      </object_component>
      <object_component id="oc-2d9">
         <name>.text:Power_registerNotify</name>
         <load_address>0x200119c4</load_address>
         <run_address>0x200119c4</run_address>
         <size>0x28</size>
         <input_file_ref idref="fl-14"/>
      </object_component>
      <object_component id="oc-5b7">
         <name>.text:free_list_insert</name>
         <load_address>0x200119ec</load_address>
         <run_address>0x200119ec</run_address>
         <size>0x28</size>
         <input_file_ref idref="fl-ea"/>
      </object_component>
      <object_component id="oc-871">
         <name>.text:I2CFIFODataGetNonBlocking</name>
         <load_address>0x20011a14</load_address>
         <run_address>0x20011a14</run_address>
         <size>0x26</size>
         <input_file_ref idref="fl-23"/>
      </object_component>
      <object_component id="oc-6ad">
         <name>.text:I2C_cancel</name>
         <load_address>0x20011a3a</load_address>
         <run_address>0x20011a3a</run_address>
         <size>0x26</size>
         <input_file_ref idref="fl-f"/>
      </object_component>
      <object_component id="oc-422">
         <name>.text:List_put</name>
         <load_address>0x20011a60</load_address>
         <run_address>0x20011a60</run_address>
         <size>0x26</size>
         <input_file_ref idref="fl-18"/>
      </object_component>
      <object_component id="oc-8c8">
         <name>.text:List_remove</name>
         <load_address>0x20011a86</load_address>
         <run_address>0x20011a86</run_address>
         <size>0x26</size>
         <input_file_ref idref="fl-18"/>
      </object_component>
      <object_component id="oc-5dd">
         <name>.text:HwiP_dispatch</name>
         <load_address>0x20011aac</load_address>
         <run_address>0x20011aac</run_address>
         <size>0x24</size>
         <input_file_ref idref="fl-1d"/>
      </object_component>
      <object_component id="oc-965">
         <name>.text:PowerCC32XX_reset</name>
         <load_address>0x20011ad0</load_address>
         <run_address>0x20011ad0</run_address>
         <size>0x24</size>
         <input_file_ref idref="fl-14"/>
      </object_component>
      <object_component id="oc-8c1">
         <name>.text:TimerSupport_timerDisable</name>
         <load_address>0x20011af4</load_address>
         <run_address>0x20011af4</run_address>
         <size>0x24</size>
         <input_file_ref idref="fl-16"/>
      </object_component>
      <object_component id="oc-c5">
         <name>.text:_c_int00_noargs:_c_int00_noargs</name>
         <load_address>0x20011b18</load_address>
         <run_address>0x20011b18</run_address>
         <size>0x24</size>
         <input_file_ref idref="fl-eb"/>
      </object_component>
      <object_component id="oc-38e">
         <name>.text:checkTemperature</name>
         <load_address>0x20011b3c</load_address>
         <run_address>0x20011b3c</run_address>
         <size>0x24</size>
         <input_file_ref idref="fl-2"/>
      </object_component>
      <object_component id="oc-879">
         <name>.text:I2CMasterSlaveAddrSet</name>
         <load_address>0x20011b60</load_address>
         <run_address>0x20011b60</run_address>
         <size>0x22</size>
         <input_file_ref idref="fl-23"/>
      </object_component>
      <object_component id="oc-8cf">
         <name>.text:HwiP_destruct</name>
         <load_address>0x20011b82</load_address>
         <run_address>0x20011b82</run_address>
         <size>0x20</size>
         <input_file_ref idref="fl-1d"/>
      </object_component>
      <object_component id="oc-6cf">
         <name>.text:Power_unregisterNotify</name>
         <load_address>0x20011ba4</load_address>
         <run_address>0x20011ba4</run_address>
         <size>0x20</size>
         <input_file_ref idref="fl-14"/>
      </object_component>
      <object_component id="oc-951">
         <name>.text:RingBuf_peek</name>
         <load_address>0x20011bc4</load_address>
         <run_address>0x20011bc4</run_address>
         <size>0x20</size>
         <input_file_ref idref="fl-19"/>
      </object_component>
      <object_component id="oc-95f">
         <name>.text:getPowerMgrId</name>
         <load_address>0x20011be4</load_address>
         <run_address>0x20011be4</run_address>
         <size>0x20</size>
         <input_file_ref idref="fl-17"/>
      </object_component>
      <object_component id="oc-656">
         <name>.text:I2CMasterIntStatusEx</name>
         <load_address>0x20011c04</load_address>
         <run_address>0x20011c04</run_address>
         <size>0x1e</size>
         <input_file_ref idref="fl-23"/>
      </object_component>
      <object_component id="oc-4a9">
         <name>.text:SemaphoreP_constructBinary</name>
         <load_address>0x20011c22</load_address>
         <run_address>0x20011c22</run_address>
         <size>0x1e</size>
         <input_file_ref idref="fl-1b"/>
      </object_component>
      <object_component id="oc-6e9">
         <name>.text:TimerDisable</name>
         <load_address>0x20011c40</load_address>
         <run_address>0x20011c40</run_address>
         <size>0x1e</size>
         <input_file_ref idref="fl-27"/>
      </object_component>
      <object_component id="oc-720">
         <name>.text:TimerEnable</name>
         <load_address>0x20011c5e</load_address>
         <run_address>0x20011c5e</run_address>
         <size>0x1e</size>
         <input_file_ref idref="fl-27"/>
      </object_component>
      <object_component id="oc-202">
         <name>.text:GPIO_setCallback</name>
         <load_address>0x20011c7c</load_address>
         <run_address>0x20011c7c</run_address>
         <size>0x1c</size>
         <input_file_ref idref="fl-e"/>
      </object_component>
      <object_component id="oc-905">
         <name>.text:PinToPadGet</name>
         <load_address>0x20011c98</load_address>
         <run_address>0x20011c98</run_address>
         <size>0x1c</size>
         <input_file_ref idref="fl-25"/>
      </object_component>
      <object_component id="oc-547">
         <name>.text:SwiP_disable</name>
         <load_address>0x20011cb4</load_address>
         <run_address>0x20011cb4</run_address>
         <size>0x1c</size>
         <input_file_ref idref="fl-20"/>
      </object_component>
      <object_component id="oc-5b1">
         <name>.text:free_list_remove</name>
         <load_address>0x20011cd0</load_address>
         <run_address>0x20011cd0</run_address>
         <size>0x1c</size>
         <input_file_ref idref="fl-ea"/>
      </object_component>
      <object_component id="oc-626">
         <name>.text:memccpy</name>
         <load_address>0x20011cec</load_address>
         <run_address>0x20011cec</run_address>
         <size>0x1c</size>
         <input_file_ref idref="fl-fe"/>
      </object_component>
      <object_component id="oc-977">
         <name>.text:ClockP_create</name>
         <load_address>0x20011d08</load_address>
         <run_address>0x20011d08</run_address>
         <size>0x1a</size>
         <input_file_ref idref="fl-1c"/>
      </object_component>
      <object_component id="oc-2bb">
         <name>.text:SemaphoreP_createBinary</name>
         <load_address>0x20011d22</load_address>
         <run_address>0x20011d22</run_address>
         <size>0x1a</size>
         <input_file_ref idref="fl-1b"/>
      </object_component>
      <object_component id="oc-21">
         <name>.text:resetISR</name>
         <load_address>0x20011d3c</load_address>
         <run_address>0x20011d3c</run_address>
         <size>0x1a</size>
         <input_file_ref idref="fl-1f"/>
      </object_component>
      <object_component id="oc-8aa">
         <name>.text:I2CMasterBusBusy</name>
         <load_address>0x20011d56</load_address>
         <run_address>0x20011d56</run_address>
         <size>0x18</size>
         <input_file_ref idref="fl-23"/>
      </object_component>
      <object_component id="oc-668">
         <name>.text:I2CMasterIntDisableEx</name>
         <load_address>0x20011d6e</load_address>
         <run_address>0x20011d6e</run_address>
         <size>0x18</size>
         <input_file_ref idref="fl-23"/>
      </object_component>
      <object_component id="oc-88b">
         <name>.text:I2CMasterIntEnableEx</name>
         <load_address>0x20011d86</load_address>
         <run_address>0x20011d86</run_address>
         <size>0x18</size>
         <input_file_ref idref="fl-23"/>
      </object_component>
      <object_component id="oc-8a4">
         <name>.text:I2CRxFIFOFlush</name>
         <load_address>0x20011d9e</load_address>
         <run_address>0x20011d9e</run_address>
         <size>0x18</size>
         <input_file_ref idref="fl-23"/>
      </object_component>
      <object_component id="oc-89e">
         <name>.text:I2CTxFIFOFlush</name>
         <load_address>0x20011db6</load_address>
         <run_address>0x20011db6</run_address>
         <size>0x18</size>
         <input_file_ref idref="fl-23"/>
      </object_component>
      <object_component id="oc-559">
         <name>.text:Power_getTransitionLatency</name>
         <load_address>0x20011dd0</load_address>
         <run_address>0x20011dd0</run_address>
         <size>0x18</size>
         <input_file_ref idref="fl-14"/>
      </object_component>
      <object_component id="oc-797">
         <name>.text:Power_idleFunc</name>
         <load_address>0x20011de8</load_address>
         <run_address>0x20011de8</run_address>
         <size>0x18</size>
         <input_file_ref idref="fl-14"/>
      </object_component>
      <object_component id="oc-a02">
         <name>.text:TimerIntDisable</name>
         <load_address>0x20011e00</load_address>
         <run_address>0x20011e00</run_address>
         <size>0x18</size>
         <input_file_ref idref="fl-27"/>
      </object_component>
      <object_component id="oc-714">
         <name>.text:TimerIntEnable</name>
         <load_address>0x20011e18</load_address>
         <run_address>0x20011e18</run_address>
         <size>0x18</size>
         <input_file_ref idref="fl-27"/>
      </object_component>
      <object_component id="oc-9ae">
         <name>.text:UARTBusy</name>
         <load_address>0x20011e30</load_address>
         <run_address>0x20011e30</run_address>
         <size>0x18</size>
         <input_file_ref idref="fl-28"/>
      </object_component>
      <object_component id="oc-a67">
         <name>.text:UARTIntEnable</name>
         <load_address>0x20011e48</load_address>
         <run_address>0x20011e48</run_address>
         <size>0x18</size>
         <input_file_ref idref="fl-28"/>
      </object_component>
      <object_component id="oc-32f">
         <name>.text:UART_Params_init</name>
         <load_address>0x20011e60</load_address>
         <run_address>0x20011e60</run_address>
         <size>0x18</size>
         <input_file_ref idref="fl-11"/>
      </object_component>
      <object_component id="oc-486">
         <name>.text:_outc</name>
         <load_address>0x20011e78</load_address>
         <run_address>0x20011e78</run_address>
         <size>0x18</size>
         <input_file_ref idref="fl-e0"/>
      </object_component>
      <object_component id="oc-576">
         <name>.text</name>
         <load_address>0x20011e90</load_address>
         <run_address>0x20011e90</run_address>
         <size>0x18</size>
         <input_file_ref idref="fl-e4"/>
      </object_component>
      <object_component id="oc-885">
         <name>.text:I2CMasterBurstLengthSet</name>
         <load_address>0x20011ea8</load_address>
         <run_address>0x20011ea8</run_address>
         <size>0x16</size>
         <input_file_ref idref="fl-23"/>
      </object_component>
      <object_component id="oc-289">
         <name>.text:PRCMHIBRegRead</name>
         <load_address>0x20011ebe</load_address>
         <run_address>0x20011ebe</run_address>
         <size>0x16</size>
         <input_file_ref idref="fl-26"/>
      </object_component>
      <object_component id="oc-283">
         <name>.text:PRCMHIBRegWrite</name>
         <load_address>0x20011ed4</load_address>
         <run_address>0x20011ed4</run_address>
         <size>0x16</size>
         <input_file_ref idref="fl-26"/>
      </object_component>
      <object_component id="oc-3e8">
         <name>.text:SemaphoreP_create</name>
         <load_address>0x20011eea</load_address>
         <run_address>0x20011eea</run_address>
         <size>0x16</size>
         <input_file_ref idref="fl-1b"/>
      </object_component>
      <object_component id="oc-84c">
         <name>.text:strchr</name>
         <load_address>0x20011f00</load_address>
         <run_address>0x20011f00</run_address>
         <size>0x16</size>
         <input_file_ref idref="fl-ff"/>
      </object_component>
      <object_component id="oc-15a">
         <name>.text:Board_init</name>
         <load_address>0x20011f16</load_address>
         <run_address>0x20011f16</run_address>
         <size>0x14</size>
         <input_file_ref idref="fl-3"/>
      </object_component>
      <object_component id="oc-a3">
         <name>.text:CPUcpsid</name>
         <load_address>0x20011f2a</load_address>
         <run_address>0x20011f2a</run_address>
         <size>0x14</size>
         <input_file_ref idref="fl-22"/>
      </object_component>
      <object_component id="oc-429">
         <name>.text:HwiP_inISR</name>
         <load_address>0x20011f40</load_address>
         <run_address>0x20011f40</run_address>
         <size>0x14</size>
         <input_file_ref idref="fl-1d"/>
      </object_component>
      <object_component id="oc-8b2">
         <name>.text:I2CSupport_masterFinish</name>
         <load_address>0x20011f54</load_address>
         <run_address>0x20011f54</run_address>
         <size>0x14</size>
         <input_file_ref idref="fl-13"/>
      </object_component>
      <object_component id="oc-35a">
         <name>.text:I2C_transfer</name>
         <load_address>0x20011f68</load_address>
         <run_address>0x20011f68</run_address>
         <size>0x14</size>
         <input_file_ref idref="fl-f"/>
      </object_component>
      <object_component id="oc-af">
         <name>.text:IntVTableBaseSet</name>
         <load_address>0x20011f7c</load_address>
         <run_address>0x20011f7c</run_address>
         <size>0x14</size>
         <input_file_ref idref="fl-24"/>
      </object_component>
      <object_component id="oc-42f">
         <name>.text:Power_disablePolicy</name>
         <load_address>0x20011f90</load_address>
         <run_address>0x20011f90</run_address>
         <size>0x14</size>
         <input_file_ref idref="fl-14"/>
      </object_component>
      <object_component id="oc-921">
         <name>.text:Power_getDependencyCount</name>
         <load_address>0x20011fa4</load_address>
         <run_address>0x20011fa4</run_address>
         <size>0x14</size>
         <input_file_ref idref="fl-14"/>
      </object_component>
      <object_component id="oc-a61">
         <name>.text:releasePowerConstraint</name>
         <load_address>0x20011fb8</load_address>
         <run_address>0x20011fb8</run_address>
         <size>0x14</size>
         <input_file_ref idref="fl-17"/>
      </object_component>
      <object_component id="oc-5f7">
         <name>.text:strlen</name>
         <load_address>0x20011fcc</load_address>
         <run_address>0x20011fcc</run_address>
         <size>0x14</size>
         <input_file_ref idref="fl-100"/>
      </object_component>
      <object_component id="oc-306">
         <name>.text:HwiP_Params_init</name>
         <load_address>0x20011fe0</load_address>
         <run_address>0x20011fe0</run_address>
         <size>0x12</size>
         <input_file_ref idref="fl-1d"/>
      </object_component>
      <object_component id="oc-65c">
         <name>.text:I2CMasterIntClearEx</name>
         <load_address>0x20011ff2</load_address>
         <run_address>0x20011ff2</run_address>
         <size>0x12</size>
         <input_file_ref idref="fl-23"/>
      </object_component>
      <object_component id="oc-959">
         <name>.text:RingBuf_construct</name>
         <load_address>0x20012004</load_address>
         <run_address>0x20012004</run_address>
         <size>0x12</size>
         <input_file_ref idref="fl-19"/>
      </object_component>
      <object_component id="oc-70b">
         <name>.text:TimerIntClear</name>
         <load_address>0x20012016</load_address>
         <run_address>0x20012016</run_address>
         <size>0x12</size>
         <input_file_ref idref="fl-27"/>
      </object_component>
[...]
      </symbol>
      <symbol id="sm-ae3">
         <name>HwiP_disableInterrupt</name>
         <value>0x20012139</value>
         <object_component_ref idref="oc-69b"/>
      </symbol>
      <symbol id="sm-b13">
         <name>PowerCC32XX_initPolicy</name>
         <value>0x2000ea1f</value>
         <object_component_ref idref="oc-3d1"/>
      </symbol>
      <symbol id="sm-b14">
         <name>PowerCC32XX_sleepPolicy</name>
         <value>0x2000d731</value>
         <object_component_ref idref="oc-3d7"/>
      </symbol>
      <symbol id="sm-b64">
         <name>resetISR</name>
         <value>0x20011d3d</value>
         <object_component_ref idref="oc-21"/>
      </symbol>
      <symbol id="sm-b65">
         <name>resetVectorAddr</name>
         <value>0x20011d50</value>
         <object_component_ref idref="oc-21"/>
      </symbol>
      <symbol id="sm-b66">
         <name>initVectors</name>
         <value>0x20011519</value>
         <object_component_ref idref="oc-59"/>
      </symbol>
      <symbol id="sm-b67">
         <name>resetVectors</name>
         <value>0x20004000</value>
         <object_component_ref idref="oc-27"/>
      </symbol>
      <symbol id="sm-b97">
         <name>SwiP_disable</name>
         <value>0x20011cb5</value>
         <object_component_ref idref="oc-547"/>
      </symbol>
      <symbol id="sm-b98">
         <name>SwiP_restore</name>
         <value>0x200110a9</value>
         <object_component_ref idref="oc-587"/>
      </symbol>
      <symbol id="sm-ba3">
         <name>CPUcpsid</name>
         <value>0x20011f2b</value>
         <object_component_ref idref="oc-a3"/>
      </symbol>
      <symbol id="sm-c10">
         <name>I2CRxFIFOFlush</name>
         <value>0x20011d9f</value>
         <object_component_ref idref="oc-8a4"/>
      </symbol>
      <symbol id="sm-c11">
         <name>I2CTxFIFOFlush</name>
         <value>0x20011db7</value>
         <object_component_ref idref="oc-89e"/>
      </symbol>
      <symbol id="sm-c12">
         <name>I2CFIFODataPutNonBlocking</name>
         <value>0x20011973</value>
         <object_component_ref idref="oc-67a"/>
      </symbol>
      <symbol id="sm-c13">
         <name>I2CMasterBusBusy</name>
         <value>0x20011d57</value>
         <object_component_ref idref="oc-8aa"/>
      </symbol>
      <symbol id="sm-c14">
         <name>I2CMasterIntDisableEx</name>
         <value>0x20011d6f</value>
         <object_component_ref idref="oc-668"/>
      </symbol>
      <symbol id="sm-c15">
         <name>I2CMasterBurstLengthSet</name>
         <value>0x20011ea9</value>
         <object_component_ref idref="oc-885"/>
      </symbol>
      <symbol id="sm-c16">
         <name>I2CMasterIntClearEx</name>
         <value>0x20011ff3</value>
         <object_component_ref idref="oc-65c"/>
      </symbol>
      <symbol id="sm-c17">
         <name>I2CMasterSlaveAddrSet</name>
         <value>0x20011b61</value>
         <object_component_ref idref="oc-879"/>
      </symbol>
      <symbol id="sm-c18">
         <name>I2CMasterIntEnableEx</name>
         <value>0x20011d87</value>
         <object_component_ref idref="oc-88b"/>
      </symbol>
      <symbol id="sm-c19">
         <name>I2CFIFOStatus</name>
         <value>0x200120bd</value>
         <object_component_ref idref="oc-680"/>
      </symbol>
      <symbol id="sm-c1a">
         <name>I2CMasterIntStatusEx</name>
         <value>0x20011c05</value>
         <object_component_ref idref="oc-656"/>
      </symbol>
      <symbol id="sm-c1b">
         <name>I2CFIFODataGetNonBlocking</name>
         <value>0x20011a15</value>
         <object_component_ref idref="oc-871"/>
      </symbol>
      <symbol id="sm-c60">
         <name>IntVTableBaseSet</name>
         <value>0x20011f7d</value>
         <object_component_ref idref="oc-af"/>
      </symbol>
      <symbol id="sm-c61">
         <name>IntEnable</name>
         <value>0x2000f2f5</value>
         <object_component_ref idref="oc-b5"/>
      </symbol>
      <symbol id="sm-c62">
         <name>IntMasterDisable</name>
         <value>0x20012201</value>
         <object_component_ref idref="oc-53"/>
      </symbol>
      <symbol id="sm-c63">
         <name>IntPendSet</name>
         <value>0x2000f9a5</value>
         <object_component_ref idref="oc-937"/>
      </symbol>
      <symbol id="sm-c9d">
         <name>PinModeGet</name>
         <value>0x20011705</value>
         <object_component_ref idref="oc-2a1"/>
      </symbol>
      <symbol id="sm-c9e">
         <name>PinConfigSet</name>
         <value>0x2000fa2d</value>
         <object_component_ref idref="oc-2fa"/>
      </symbol>
      <symbol id="sm-c9f">
         <name>PinModeSet</name>
         <value>0x200111f9</value>
         <object_component_ref idref="oc-2a7"/>
      </symbol>
      <symbol id="sm-ca0">
         <name>PinToPadGet</name>
         <value>0x20011c99</value>
         <object_component_ref idref="oc-905"/>
      </symbol>
      <symbol id="sm-d69">
         <name>PRCMLPDSRestoreInfoSet</name>
         <value>0x20010fdd</value>
         <object_component_ref idref="oc-919"/>
      </symbol>
      <symbol id="sm-d6a">
         <name>PRCMPeripheralReset</name>
         <value>0x20010725</value>
         <object_component_ref idref="oc-295"/>
      </symbol>
      <symbol id="sm-d6b">
         <name>PRCMLPDSEnter</name>
         <value>0x20010da5</value>
         <object_component_ref idref="oc-77d"/>
      </symbol>
      <symbol id="sm-d6c">
         <name>PRCMPeripheralClkEnable</name>
         <value>0x20010ded</value>
         <object_component_ref idref="oc-28f"/>
      </symbol>
      <symbol id="sm-d6d">
         <name>PRCMLPDSEnterKeepDebugIf</name>
         <value>0x200114a9</value>
         <object_component_ref idref="oc-783"/>
      </symbol>
      <symbol id="sm-d6e">
         <name>PRCMCC3200MCUInit</name>
         <value>0x2000ca91</value>
         <object_component_ref idref="oc-1dc"/>
      </symbol>
      <symbol id="sm-d6f">
         <name>PRCMHIBRegWrite</name>
         <value>0x20011ed5</value>
         <object_component_ref idref="oc-283"/>
      </symbol>
      <symbol id="sm-d70">
         <name>PRCMSysResetCauseGet</name>
         <value>0x200105ad</value>
         <object_component_ref idref="oc-27c"/>
      </symbol>
      <symbol id="sm-d71">
         <name>PRCMPeripheralClkDisable</name>
         <value>0x2001199d</value>
         <object_component_ref idref="oc-29b"/>
      </symbol>
      <symbol id="sm-d72">
         <name>PRCMHIBRegRead</name>
         <value>0x20011ebf</value>
         <object_component_ref idref="oc-289"/>
      </symbol>
      <symbol id="sm-dba">
         <name>TimerLoadSet</name>
         <value>0x2001191f</value>
         <object_component_ref idref="oc-6f5"/>
      </symbol>
      <symbol id="sm-dbb">
         <name>TimerDisable</name>
         <value>0x20011c41</value>
         <object_component_ref idref="oc-6e9"/>
      </symbol>
      <symbol id="sm-dbc">
         <name>TimerEnable</name>
         <value>0x20011c5f</value>
         <object_component_ref idref="oc-720"/>
      </symbol>
      <symbol id="sm-dbd">
         <name>TimerIntDisable</name>
         <value>0x20011e01</value>
         <object_component_ref idref="oc-a02"/>
      </symbol>
      <symbol id="sm-dbe">
         <name>TimerPrescaleSet</name>
         <value>0x20011949</value>
         <object_component_ref idref="oc-6ef"/>
      </symbol>
      <symbol id="sm-dbf">
         <name>TimerControlStall</name>
         <value>0x200115f9</value>
         <object_component_ref idref="oc-6fb"/>
      </symbol>
      <symbol id="sm-dc0">
         <name>TimerIntEnable</name>
         <value>0x20011e19</value>
         <object_component_ref idref="oc-714"/>
      </symbol>
      <symbol id="sm-dc1">
         <name>TimerIntClear</name>
         <value>0x20012017</value>
         <object_component_ref idref="oc-70b"/>
      </symbol>
      <symbol id="sm-dd5">
         <name>UARTBusy</name>
         <value>0x20011e31</value>
         <object_component_ref idref="oc-9ae"/>
      </symbol>
      <symbol id="sm-dd6">
         <name>UARTIntEnable</name>
         <value>0x20011e49</value>
         <object_component_ref idref="oc-a67"/>
      </symbol>
      <symbol id="sm-dda">
         <name>UtilsDelay</name>
         <value>0x20012249</value>
         <object_component_ref idref="oc-282"/>
      </symbol>
      <symbol id="sm-dea">
         <name>FlashDisable</name>
         <value>0x20010ccd</value>
         <object_component_ref idref="oc-92f"/>
      </symbol>
      <symbol id="sm-e19">
         <name>snprintf</name>
         <value>0x20010c81</value>
         <object_component_ref idref="oc-33c"/>
      </symbol>
      <symbol id="sm-e23">
         <name>__aeabi_fmul</name>
         <value>0x2000ff3f</value>
         <object_component_ref idref="oc-72c"/>
      </symbol>
      <symbol id="sm-e2d">
         <name>__aeabi_f2iz</name>
         <value>0x20011589</value>
         <object_component_ref idref="oc-731"/>
      </symbol>
      <symbol id="sm-e38">
         <name>__aeabi_i2f</name>
         <value>0x200115c1</value>
         <object_component_ref idref="oc-727"/>
      </symbol>
      <symbol id="sm-e41">
         <name>__aeabi_lmul</name>
         <value>0x20011e91</value>
         <object_component_ref idref="oc-576"/>
      </symbol>
      <symbol id="sm-e5c">
         <name>memcpy</name>
         <value>0x2000f6c5</value>
         <object_component_ref idref="oc-3b"/>
      </symbol>
      <symbol id="sm-e5d">
         <name>__aeabi_memcpy</name>
         <value>0x2000f6c5</value>
         <object_component_ref idref="oc-3b"/>
      </symbol>
      <symbol id="sm-e5e">
         <name>__aeabi_memcpy8</name>
         <value>0x2000f6c5</value>
         <object_component_ref idref="oc-3b"/>
      </symbol>
      <symbol id="sm-e5f">
         <name>__aeabi_memcpy4</name>
         <value>0x2000f6c5</value>
         <object_component_ref idref="oc-3b"/>
      </symbol>
      <symbol id="sm-e6c">
         <name>__aeabi_uldivmod</name>
         <value>0x2000f761</value>
         <object_component_ref idref="oc-56b"/>
      </symbol>
      <symbol id="sm-e7e">
         <name>__TI_zero_init</name>
         <value>0x200121b1</value>
         <object_component_ref idref="oc-4d"/>
      </symbol>
      <symbol id="sm-e95">
         <name>__TI_decompress_none</name>
         <value>0x2001217f</value>
         <object_component_ref idref="oc-1a"/>
      </symbol>
      <symbol id="sm-eb8">
         <name>__TI_decompress_lzss</name>
         <value>0x20010351</value>
         <object_component_ref idref="oc-14"/>
      </symbol>
      <symbol id="sm-f41">
         <name>_sys_memory</name>
         <value>0x20004040</value>
         <object_component_ref idref="oc-2a"/>
      </symbol>
      <symbol id="sm-f42">
         <name>free</name>
         <value>0x2000ea21</value>
         <object_component_ref idref="oc-3f3"/>
      </symbol>
      <symbol id="sm-f43">
         <name>memalign</name>
         <value>0x2000e635</value>
         <object_component_ref idref="oc-5d3"/>
      </symbol>
      <symbol id="sm-f44">
         <name>malloc</name>
         <value>0x20012225</value>
         <object_component_ref idref="oc-44d"/>
      </symbol>
      <symbol id="sm-f45">
         <name>aligned_alloc</name>
         <value>0x2000e635</value>
         <object_component_ref idref="oc-5d3"/>
      </symbol>
      <symbol id="sm-f57">
         <name>__stack</name>
         <value>0x20003000</value>
         <object_component_ref idref="oc-2d"/>
      </symbol>
      <symbol id="sm-f58">
         <name>_c_int00_noargs</name>
         <value>0x20011b19</value>
         <object_component_ref idref="oc-c5"/>
      </symbol>
      <symbol id="sm-10bd">
         <name>__TI_printfi</name>
         <value>0x2000c041</value>
         <object_component_ref idref="oc-47a"/>
      </symbol>
      <symbol id="sm-10c7">
         <name>__aeabi_idiv0</name>
         <value>0x200118c7</value>
         <object_component_ref idref="oc-74e"/>
      </symbol>
      <symbol id="sm-10c8">
         <name>__aeabi_ldiv0</name>
         <value>0x200118c7</value>
         <object_component_ref idref="oc-74e"/>
      </symbol>
      <symbol id="sm-10df">
         <name>__aeabi_dsub</name>
         <value>0x2000d579</value>
         <object_component_ref idref="oc-820"/>
      </symbol>
      <symbol id="sm-10e0">
         <name>__aeabi_dadd</name>
         <value>0x2000d583</value>
         <object_component_ref idref="oc-820"/>
      </symbol>
      <symbol id="sm-1102">
         <name>__aeabi_cdcmpeq</name>
         <value>0x2000fab5</value>
         <object_component_ref idref="oc-609"/>
      </symbol>
      <symbol id="sm-1103">
         <name>__aeabi_cdcmple</name>
         <value>0x2000fab5</value>
         <object_component_ref idref="oc-609"/>
      </symbol>
      <symbol id="sm-1104">
         <name>__aeabi_cdrcmple</name>
         <value>0x2000fb3b</value>
         <object_component_ref idref="oc-80b"/>
      </symbol>
      <symbol id="sm-1118">
         <name>__aeabi_ddiv</name>
         <value>0x2000e19d</value>
         <object_component_ref idref="oc-806"/>
      </symbol>
      <symbol id="sm-1123">
         <name>__aeabi_dmul</name>
         <value>0x2000e831</value>
         <object_component_ref idref="oc-801"/>
      </symbol>
      <symbol id="sm-112d">
         <name>__aeabi_d2iz</name>
         <value>0x20010ec5</value>
         <object_component_ref idref="oc-810"/>
      </symbol>
      <symbol id="sm-1137">
         <name>__aeabi_i2d</name>
         <value>0x20011899</value>
         <object_component_ref idref="oc-81b"/>
      </symbol>
      <symbol id="sm-1146">
         <name>__aeabi_memset</name>
         <value>0x2000ffbb</value>
         <object_component_ref idref="oc-9d"/>
      </symbol>
      <symbol id="sm-1147">
         <name>memset</name>
         <value>0x2000ffc1</value>
         <object_component_ref idref="oc-9d"/>
      </symbol>
      <symbol id="sm-1148">
         <name>__aeabi_memset8</name>
         <value>0x2000ffbb</value>
         <object_component_ref idref="oc-9d"/>
      </symbol>
      <symbol id="sm-1149">
         <name>__aeabi_memset4</name>
         <value>0x2000ffbb</value>
         <object_component_ref idref="oc-9d"/>
      </symbol>
      <symbol id="sm-114a">
         <name>__aeabi_memclr8</name>
         <value>0x2000ffb9</value>
         <object_component_ref idref="oc-9d"/>
      </symbol>
      <symbol id="sm-114b">
         <name>__aeabi_memclr4</name>
         <value>0x2000ffb9</value>
         <object_component_ref idref="oc-9d"/>
      </symbol>
      <symbol id="sm-114c">
         <name>__aeabi_memclr</name>
         <value>0x2000ffb9</value>
         <object_component_ref idref="oc-9d"/>
      </symbol>
      <symbol id="sm-1174">
         <name>__TI_auto_init_nobinit_nopinit</name>
         <value>0x20011175</value>
         <object_component_ref idref="oc-179"/>
      </symbol>
      <symbol id="sm-117e">
         <name>_system_pre_init</name>
         <value>0x2001225f</value>
         <object_component_ref idref="oc-119"/>
      </symbol>
      <symbol id="sm-118a">
         <name>C$$EXIT</name>
         <value>0x20012263</value>
         <object_component_ref idref="oc-16d"/>
      </symbol>
      <symbol id="sm-118b">
         <name>abort</name>
         <value>0x20012263</value>
         <object_component_ref idref="oc-16d"/>
      </symbol>
      <symbol id="sm-11a0">
         <name>_nop</name>
         <value>0x2001011f</value>
         <object_component_ref idref="oc-39e"/>
      </symbol>
      <symbol id="sm-11a1">
         <name>_lock</name>
         <value>0x200128ec</value>
         <object_component_ref idref="oc-234"/>
      </symbol>
      <symbol id="sm-11a2">
         <name>_unlock</name>
         <value>0x200128f0</value>
         <object_component_ref idref="oc-234"/>
      </symbol>
      <symbol id="sm-11b1">
         <name>__TI_ltoa</name>
         <value>0x2001082b</value>
         <object_component_ref idref="oc-815"/>
      </symbol>
      <symbol id="sm-11c8">
         <name>atoi</name>
         <value>0x20010b51</value>
         <object_component_ref idref="oc-5fd"/>
      </symbol>
      <symbol id="sm-11d3">
         <name>_ctypes_</name>
         <value>0x20012924</value>
         <object_component_ref idref="oc-7fa"/>
      </symbol>
      <symbol id="sm-11e3">
         <name>memccpy</name>
         <value>0x20011ced</value>
         <object_component_ref idref="oc-626"/>
      </symbol>
      <symbol id="sm-11f3">
         <name>strchr</name>
         <value>0x20011f01</value>
         <object_component_ref idref="oc-84c"/>
      </symbol>
      <symbol id="sm-1201">
         <name>strlen</name>
         <value>0x20011fcd</value>
         <object_component_ref idref="oc-5f7"/>
      </symbol>
      <symbol id="sm-1217">
         <name>__aeabi_errno_addr</name>
         <value>0x2001221d</value>
         <object_component_ref idref="oc-632"/>
      </symbol>
      <symbol id="sm-1218">
         <name>errno</name>
         <value>0x2001291c</value>
         <object_component_ref idref="oc-85c"/>
      </symbol>
      <symbol id="sm-1231">
         <name>wcslen</name>
         <value>0x2001203b</value>
         <object_component_ref idref="oc-62c"/>
      </symbol>
      <symbol id="sm-1251">
         <name>frexpl</name>
         <value>0x2001066d</value>
         <object_component_ref idref="oc-840"/>
      </symbol>
      <symbol id="sm-1252">
         <name>frexp</name>
         <value>0x2001066d</value>
         <object_component_ref idref="oc-840"/>
      </symbol>
      <symbol id="sm-1270">
         <name>scalbn</name>
         <value>0x2000eb05</value>
         <object_component_ref idref="oc-846"/>
      </symbol>
      <symbol id="sm-1271">
         <name>scalbnl</name>
         <value>0x2000eb05</value>
         <object_component_ref idref="oc-846"/>
      </symbol>
      <symbol id="sm-1272">
         <name>ldexpl</name>
         <value>0x2000eb05</value>
         <object_component_ref idref="oc-846"/>
      </symbol>
      <symbol id="sm-1273">
         <name>ldexp</name>
         <value>0x2000eb05</value>
         <object_component_ref idref="oc-846"/>
      </symbol>
      <symbol id="sm-127d">
         <name>copysign</name>
         <value>0x200121a5</value>
         <object_component_ref idref="oc-9db"/>
      </symbol>
      <symbol id="sm-127e">
         <name>copysignl</name>
         <value>0x200121a5</value>
         <object_component_ref idref="oc-9db"/>
      </symbol>
      <symbol id="sm-127f">
         <name>__TI_static_base__</name>
         <value>0x200132a0</value>
      </symbol>
      <symbol id="sm-1282">
         <name>ITM_flush</name>
         <value>0x0</value>
      </symbol>
      <symbol id="sm-1283">
         <name>ITM_restore</name>
         <value>0x0</value>
      </symbol>
      <symbol id="sm-1284">
         <name>__mpu_init</name>
         <value>0x0</value>
      </symbol>
      <symbol id="sm-1285">
         <name>_system_post_cinit</name>
         <value>0x0</value>
      </symbol>
      <symbol id="sm-1286">
         <name>NoRTOS_start</name>
         <value>0x20012147</value>
      </symbol>
   </symbol_table>
   <title>Link successful</title>
</link_info>
